python : 2026-03-26 16:23:10,369 - ssh_takip - WARNING - Celery not installed - async tasks disable
d
At line:1 char:1
+ python test_context.py > test_output.txt 2>&1 ; Get-Content test_outp ...
+ ~~~~~~~~~~~~~~~~~~~~~~~~~~~~~~~~~~~~~~~~~~~~~
    + CategoryInfo          : NotSpecified: (2026-03-26 16:2... tasks disabled:String) [], RemoteE 
   xception
    + FullyQualifiedErrorId : NativeCommandError
 
2026-03-26 16:23:10,379 - ssh_takip - WARNING - Redis not available, using local cache: No module n
amed 'redis'
2026-03-26 16:23:10,379 - ssh_takip - WARNING - Redis not available, using local cache: No module n
amed 'redis'
2026-03-26 16:23:10,379 - utils_performance - INFO - Cache manager initialized
2026-03-26 16:23:10,575 - utils_reporting - INFO - [INIT] Report directories initialized
2026-03-26 16:23:10,576 - utils_reporting - INFO - [OK] Reporting system initialized successfully
2026-03-26 16:23:15,741 - ssh_takip - INFO - Parts cache loaded (belgrad): 23216 parts - C:\Users\f
atiherkin\Desktop\bozankaya_ssh_takip\data\belgrad\G▄NCEL BELGRAD TRAMVAY 11.09.2025.XLSX
2026-03-26 16:23:15,741 - ssh_takip - INFO - Parts cache loaded (belgrad): 23216 parts - C:\Users\f
atiherkin\Desktop\bozankaya_ssh_takip\data\belgrad\G▄NCEL BELGRAD TRAMVAY 11.09.2025.XLSX
create_app finished
App object type: <class 'flask.app.Flask'>
App object: <Flask 'app'>
Traceback (most recent call last):
  File "C:\Users\fatiherkin\Desktop\bozankaya_ssh_takip\test_context.py", line 6, in <module>
    from flask_login import AnonymousUser
ImportError: cannot import name 'AnonymousUser' from 'flask_login' (C:\Users\fatiherkin\AppData\Loc
al\Python\pythoncore-3.14-64\Lib\site-packages\flask_login\__init__.py). Did you mean: 'AnonymousUs
erMixin'?
